[debug] [2025-02-07T18:49:26.630Z] ----------------------------------------------------------------------
[debug] [2025-02-07T18:49:26.632Z] Command:       C:\Program Files\nodejs\node.exe C:\Users\ASUS\AppData\Roaming\npm\node_modules\firebase-tools\lib\bin\firebase.js deploy
[debug] [2025-02-07T18:49:26.633Z] CLI Version:   12.4.2
[debug] [2025-02-07T18:49:26.633Z] Platform:      win32
[debug] [2025-02-07T18:49:26.634Z] Node Version:  v18.17.0
[debug] [2025-02-07T18:49:26.639Z] Time:          Sat Feb 08 2025 00:19:26 GMT+0530 (India Standard Time)
[debug] [2025-02-07T18:49:26.639Z] ----------------------------------------------------------------------
[debug] 
[debug] [2025-02-07T18:49:26.663Z] >>> [apiv2][query] GET https://firebase-public.firebaseio.com/cli.json [none]
[debug] [2025-02-07T18:49:26.819Z] > command requires scopes: ["email","openid","https://www.googleapis.com/auth/cloudplatformprojects.readonly","https://www.googleapis.com/auth/firebase","https://www.googleapis.com/auth/cloud-platform"]
[debug] [2025-02-07T18:49:26.819Z] > authorizing via signed-in user (ravishankarnayak2000@gmail.com)
[debug] [2025-02-07T18:49:26.820Z] [iam] checking project rsn-portfolio for permissions ["firebase.projects.get","firebasehosting.sites.update"]
[debug] [2025-02-07T18:49:26.821Z] > refreshing access token with scopes: []
[debug] [2025-02-07T18:49:26.822Z] >>> [apiv2][query] POST https://www.googleapis.com/oauth2/v3/token [none]
[debug] [2025-02-07T18:49:26.822Z] >>> [apiv2][body] POST https://www.googleapis.com/oauth2/v3/token [omitted]
[debug] [2025-02-07T18:49:27.241Z] <<< [apiv2][status] POST https://www.googleapis.com/oauth2/v3/token 400
[debug] [2025-02-07T18:49:27.242Z] <<< [apiv2][body] POST https://www.googleapis.com/oauth2/v3/token [omitted]
[debug] [2025-02-07T18:49:27.242Z] >>> [apiv2][query] POST https://cloudresourcemanager.googleapis.com/v1/projects/rsn-portfolio:testIamPermissions [none]
[debug] [2025-02-07T18:49:27.242Z] >>> [apiv2][(partial)header] POST https://cloudresourcemanager.googleapis.com/v1/projects/rsn-portfolio:testIamPermissions x-goog-quota-user=projects/rsn-portfolio
[debug] [2025-02-07T18:49:27.242Z] >>> [apiv2][body] POST https://cloudresourcemanager.googleapis.com/v1/projects/rsn-portfolio:testIamPermissions {"permissions":["firebase.projects.get","firebasehosting.sites.update"]}
[debug] [2025-02-07T18:49:27.519Z] <<< [apiv2][status] GET https://firebase-public.firebaseio.com/cli.json 200
[debug] [2025-02-07T18:49:27.520Z] <<< [apiv2][body] GET https://firebase-public.firebaseio.com/cli.json {"cloudBuildErrorAfter":1594252800000,"cloudBuildWarnAfter":1590019200000,"defaultNode10After":1594252800000,"minVersion":"3.0.5","node8DeploysDisabledAfter":1613390400000,"node8RuntimeDisabledAfter":1615809600000,"node8WarnAfter":1600128000000}
[debug] [2025-02-07T18:49:28.705Z] <<< [apiv2][status] POST https://cloudresourcemanager.googleapis.com/v1/projects/rsn-portfolio:testIamPermissions 401
[debug] [2025-02-07T18:49:28.706Z] <<< [apiv2][body] POST https://cloudresourcemanager.googleapis.com/v1/projects/rsn-portfolio:testIamPermissions {"error":{"code":401,"message":"Request had invalid authentication credentials. Expected OAuth 2 access token, login cookie or other valid authentication credential. See https://developers.google.com/identity/sign-in/web/devconsole-project.","status":"UNAUTHENTICATED","details":[{"@type":"type.googleapis.com/google.rpc.ErrorInfo","reason":"ACCESS_TOKEN_TYPE_UNSUPPORTED","metadata":{"method":"google.cloudresourcemanager.v1.Projects.TestIamPermissions","service":"cloudresourcemanager.googleapis.com"}}]}}
[debug] [2025-02-07T18:49:28.707Z] [iam] error while checking permissions, command may fail: FirebaseError: HTTP Error: 401, Request had invalid authentication credentials. Expected OAuth 2 access token, login cookie or other valid authentication credential. See https://developers.google.com/identity/sign-in/web/devconsole-project.
[debug] [2025-02-07T18:49:28.707Z] > refreshing access token with scopes: []
[debug] [2025-02-07T18:49:28.708Z] >>> [apiv2][query] POST https://www.googleapis.com/oauth2/v3/token [none]
[debug] [2025-02-07T18:49:28.708Z] >>> [apiv2][body] POST https://www.googleapis.com/oauth2/v3/token [omitted]
[debug] [2025-02-07T18:49:28.936Z] <<< [apiv2][status] POST https://www.googleapis.com/oauth2/v3/token 400
[debug] [2025-02-07T18:49:28.936Z] <<< [apiv2][body] POST https://www.googleapis.com/oauth2/v3/token [omitted]
[debug] [2025-02-07T18:49:28.937Z] >>> [apiv2][query] GET https://firebase.googleapis.com/v1beta1/projects/rsn-portfolio [none]
[debug] [2025-02-07T18:49:29.261Z] <<< [apiv2][status] GET https://firebase.googleapis.com/v1beta1/projects/rsn-portfolio 401
[debug] [2025-02-07T18:49:29.262Z] <<< [apiv2][body] GET https://firebase.googleapis.com/v1beta1/projects/rsn-portfolio {"error":{"code":401,"message":"Request had invalid authentication credentials. Expected OAuth 2 access token, login cookie or other valid authentication credential. See https://developers.google.com/identity/sign-in/web/devconsole-project.","status":"UNAUTHENTICATED"}}
[debug] [2025-02-07T18:49:29.263Z] HTTP Error: 401, Request had invalid authentication credentials. Expected OAuth 2 access token, login cookie or other valid authentication credential. See https://developers.google.com/identity/sign-in/web/devconsole-project.
[debug] [2025-02-07T18:49:29.423Z] FirebaseError: HTTP Error: 401, Request had invalid authentication credentials. Expected OAuth 2 access token, login cookie or other valid authentication credential. See https://developers.google.com/identity/sign-in/web/devconsole-project.
    at responseToError (C:\Users\ASUS\AppData\Roaming\npm\node_modules\firebase-tools\lib\responseToError.js:49:12)
    at RetryOperation._fn (C:\Users\ASUS\AppData\Roaming\npm\node_modules\firebase-tools\lib\apiv2.js:288:77)
    at process.processTicksAndRejections (node:internal/process/task_queues:95:5)
[error] 
[error] Error: Failed to get Firebase project rsn-portfolio. Please make sure the project exists and your account has permission to access it.
[debug] [2025-02-07T18:53:31.256Z] ----------------------------------------------------------------------
[debug] [2025-02-07T18:53:31.258Z] Command:       C:\Program Files\nodejs\node.exe C:\Users\ASUS\AppData\Roaming\npm\node_modules\firebase-tools\lib\bin\firebase.js deploy
[debug] [2025-02-07T18:53:31.259Z] CLI Version:   13.30.0
[debug] [2025-02-07T18:53:31.259Z] Platform:      win32
[debug] [2025-02-07T18:53:31.259Z] Node Version:  v18.17.0
[debug] [2025-02-07T18:53:31.260Z] Time:          Sat Feb 08 2025 00:23:31 GMT+0530 (India Standard Time)
[debug] [2025-02-07T18:53:31.260Z] ----------------------------------------------------------------------
[debug] 
[debug] [2025-02-07T18:53:31.535Z] > command requires scopes: ["email","openid","https://www.googleapis.com/auth/cloudplatformprojects.readonly","https://www.googleapis.com/auth/firebase","https://www.googleapis.com/auth/cloud-platform"]
[debug] [2025-02-07T18:53:31.535Z] > authorizing via signed-in user (ravishankarnayak2000@gmail.com)
[debug] [2025-02-07T18:53:31.535Z] [iam] checking project rsn-portfolio for permissions ["firebase.projects.get","firebasehosting.sites.update"]
[debug] [2025-02-07T18:53:31.537Z] Checked if tokens are valid: false, expires at: 1694113088905
[debug] [2025-02-07T18:53:31.537Z] Checked if tokens are valid: false, expires at: 1694113088905
[debug] [2025-02-07T18:53:31.538Z] > refreshing access token with scopes: []
[debug] [2025-02-07T18:53:31.539Z] >>> [apiv2][query] POST https://www.googleapis.com/oauth2/v3/token [none]
[debug] [2025-02-07T18:53:31.540Z] >>> [apiv2][body] POST https://www.googleapis.com/oauth2/v3/token [omitted]
[debug] [2025-02-07T18:53:31.822Z] <<< [apiv2][status] POST https://www.googleapis.com/oauth2/v3/token 400
[debug] [2025-02-07T18:53:31.822Z] <<< [apiv2][body] POST https://www.googleapis.com/oauth2/v3/token [omitted]
[debug] [2025-02-07T18:53:31.823Z] >>> [apiv2][query] POST https://cloudresourcemanager.googleapis.com/v1/projects/rsn-portfolio:testIamPermissions [none]
[debug] [2025-02-07T18:53:31.823Z] >>> [apiv2][(partial)header] POST https://cloudresourcemanager.googleapis.com/v1/projects/rsn-portfolio:testIamPermissions x-goog-quota-user=projects/rsn-portfolio
[debug] [2025-02-07T18:53:31.824Z] >>> [apiv2][body] POST https://cloudresourcemanager.googleapis.com/v1/projects/rsn-portfolio:testIamPermissions {"permissions":["firebase.projects.get","firebasehosting.sites.update"]}
[debug] [2025-02-07T18:53:33.262Z] <<< [apiv2][status] POST https://cloudresourcemanager.googleapis.com/v1/projects/rsn-portfolio:testIamPermissions 401
[debug] [2025-02-07T18:53:33.262Z] <<< [apiv2][body] POST https://cloudresourcemanager.googleapis.com/v1/projects/rsn-portfolio:testIamPermissions {"error":{"code":401,"message":"Request had invalid authentication credentials. Expected OAuth 2 access token, login cookie or other valid authentication credential. See https://developers.google.com/identity/sign-in/web/devconsole-project.","status":"UNAUTHENTICATED","details":[{"@type":"type.googleapis.com/google.rpc.ErrorInfo","reason":"ACCESS_TOKEN_TYPE_UNSUPPORTED","metadata":{"method":"google.cloudresourcemanager.v1.Projects.TestIamPermissions","service":"cloudresourcemanager.googleapis.com"}}]}}
[debug] [2025-02-07T18:53:33.262Z] Got a 401 Unauthenticated error for a call that required authentication. Refreshing tokens.
[debug] [2025-02-07T18:53:33.262Z] Checked if tokens are valid: false, expires at: 1694113088905
[debug] [2025-02-07T18:53:33.263Z] Checked if tokens are valid: false, expires at: 1694113088905
[debug] [2025-02-07T18:53:33.263Z] > refreshing access token with scopes: []
[debug] [2025-02-07T18:53:33.263Z] >>> [apiv2][query] POST https://www.googleapis.com/oauth2/v3/token [none]
[debug] [2025-02-07T18:53:33.263Z] >>> [apiv2][body] POST https://www.googleapis.com/oauth2/v3/token [omitted]
[debug] [2025-02-07T18:53:36.321Z] <<< [apiv2][status] POST https://www.googleapis.com/oauth2/v3/token 400
[debug] [2025-02-07T18:53:36.321Z] <<< [apiv2][body] POST https://www.googleapis.com/oauth2/v3/token [omitted]
[debug] [2025-02-07T18:53:36.325Z] [iam] error while checking permissions, command may fail: Request to https://cloudresourcemanager.googleapis.com/v1/projects/rsn-portfolio:testIamPermissions had HTTP Error: 401, Request had invalid authentication credentials. Expected OAuth 2 access token, login cookie or other valid authentication credential. See https://developers.google.com/identity/sign-in/web/devconsole-project.
[debug] [2025-02-07T18:53:36.327Z] Checked if tokens are valid: false, expires at: 1694113088905
[debug] [2025-02-07T18:53:36.328Z] Checked if tokens are valid: false, expires at: 1694113088905
[debug] [2025-02-07T18:53:36.328Z] > refreshing access token with scopes: []
[debug] [2025-02-07T18:53:36.330Z] >>> [apiv2][query] POST https://www.googleapis.com/oauth2/v3/token [none]
[debug] [2025-02-07T18:53:36.330Z] >>> [apiv2][body] POST https://www.googleapis.com/oauth2/v3/token [omitted]
[debug] [2025-02-07T18:53:36.496Z] <<< [apiv2][status] POST https://www.googleapis.com/oauth2/v3/token 400
[debug] [2025-02-07T18:53:36.497Z] <<< [apiv2][body] POST https://www.googleapis.com/oauth2/v3/token [omitted]
[debug] [2025-02-07T18:53:36.500Z] >>> [apiv2][query] GET https://firebase.googleapis.com/v1beta1/projects/rsn-portfolio [none]
[debug] [2025-02-07T18:53:36.700Z] <<< [apiv2][status] GET https://firebase.googleapis.com/v1beta1/projects/rsn-portfolio 401
[debug] [2025-02-07T18:53:36.700Z] <<< [apiv2][body] GET https://firebase.googleapis.com/v1beta1/projects/rsn-portfolio {"error":{"code":401,"message":"Request had invalid authentication credentials. Expected OAuth 2 access token, login cookie or other valid authentication credential. See https://developers.google.com/identity/sign-in/web/devconsole-project.","status":"UNAUTHENTICATED"}}
[debug] [2025-02-07T18:53:36.700Z] Got a 401 Unauthenticated error for a call that required authentication. Refreshing tokens.
[debug] [2025-02-07T18:53:36.700Z] Checked if tokens are valid: false, expires at: 1694113088905
[debug] [2025-02-07T18:53:36.700Z] Checked if tokens are valid: false, expires at: 1694113088905
[debug] [2025-02-07T18:53:36.700Z] > refreshing access token with scopes: []
[debug] [2025-02-07T18:53:36.701Z] >>> [apiv2][query] POST https://www.googleapis.com/oauth2/v3/token [none]
[debug] [2025-02-07T18:53:36.701Z] >>> [apiv2][body] POST https://www.googleapis.com/oauth2/v3/token [omitted]
[debug] [2025-02-07T18:53:36.860Z] <<< [apiv2][status] POST https://www.googleapis.com/oauth2/v3/token 400
[debug] [2025-02-07T18:53:36.860Z] <<< [apiv2][body] POST https://www.googleapis.com/oauth2/v3/token [omitted]
[debug] [2025-02-07T18:53:36.860Z] Request to https://firebase.googleapis.com/v1beta1/projects/rsn-portfolio had HTTP Error: 401, Request had invalid authentication credentials. Expected OAuth 2 access token, login cookie or other valid authentication credential. See https://developers.google.com/identity/sign-in/web/devconsole-project.
[error] 
[error] Error: Assertion failed: resolving hosting target of a site with no site name or target name. This should have caused an error earlier
